Fetching 1/22 downloads from release 2.2.0
DOWNLOAD NAME                             ALREADY DOWNLOADED?    WILL DOWNLOAD NOW?    URL                  
models_class1_pan                         NO                     NO                    https://github.com/openvax/mhcflurry/releases/download/pre-2.0/models_class1_pan.selected.20200610.tar.bz2 
models_class1_presentation                NO                     YES                   https://github.com/openvax/mhcflurry/releases/download/pre-2.0/models_class1_presentation.20200611.tar.bz2 
models_class1_processing                  NO                     NO                    https://github.com/openvax/mhcflurry/releases/download/pre-2.0/models_class1_processing.selected.20200611.tar.bz2 
models_class1_pan_unselected              NO                     NO                    https://github.com/openvax/mhcflurry/releases/download/pre-2.0/models_class1_pan.20200610.tar.bz2 
models_class1_pan_variants                NO                     NO                    https://github.com/openvax/mhcflurry/releases/download/pre-2.0/models_class1_pan_variants.selected.20200610.tar.bz2 
data_evaluation                           NO                     NO                    https://github.com/openvax/mhcflurry/releases/download/pre-2.0/data_evaluation.20200611.tar.bz2.part.aa + 2 more parts 
analysis_predictor_info                   NO                     NO                    https://github.com/openvax/mhcflurry/releases/download/pre-2.0/analysis_predictor_info.20200711.tar.bz2 
data_predictions                          NO                     NO                    https://github.com/openvax/mhcflurry/releases/download/pre-2.0/data_predictions.20200713.tar.bz2.part.aa + 11 more parts 
data_mass_spec_annotated                  NO                     NO                    https://github.com/openvax/mhcflurry/releases/download/1.6.0/data_mass_spec_annotated.20191226.tar.bz2 
data_references                           NO                     NO                    https://github.com/openvax/mhcflurry/releases/download/pre-1.4.0/data_references.20190927.tar.bz2 
data_iedb                                 NO                     NO                    https://github.com/openvax/mhcflurry/releases/download/pre-2.1/data_iedb.20231019.tar.bz2 
data_systemhcatlas                        NO                     NO                    http://github.com/openvax/mhcflurry/releases/download/pan-dev1/data_systemhcatlas.20190506.tar.bz2 
allele_sequences                          NO                     NO                    https://github.com/openvax/mhcflurry/releases/download/pre-2.1/allele_sequences.20231025.tar.bz2 
random_peptide_predictions                NO                     NO                    http://github.com/openvax/mhcflurry/releases/download/pan-dev1/random_peptide_predictions.20190506.tar.bz2 
data_published                            NO                     NO                    https://github.com/openvax/mhcflurry/releases/download/pre-1.7.0/data_published.20200501.tar.bz2 
data_curated                              NO                     NO                    https://github.com/openvax/mhcflurry/releases/download/pre-2.1/data_curated.20231023.tar.bz2 
models_class1                             NO                     NO                    http://github.com/openvax/mhcflurry/releases/download/pre-1.2/models_class1.20180225.tar.bz2 
models_class1_selected_no_mass_spec       NO                     NO                    http://github.com/openvax/mhcflurry/releases/download/pre-1.2/models_class1_selected_no_mass_spec.20180225.tar.bz2 
models_class1_unselected                  NO                     NO                    http://github.com/openvax/mhcflurry/releases/download/pre-1.2/models_class1_unselected.20180221.tar.bz2 
models_class1_trained_with_mass_spec      NO                     NO                    http://github.com/openvax/mhcflurry/releases/download/pre-1.2.1/models_class1_trained_with_mass_spec.20180228.tar.bz2 
models_class1_unselected_with_mass_spec   NO                     NO                    http://github.com/openvax/mhcflurry/releases/download/pre-1.2.1/models_class1_unselected_with_mass_spec.20180227.tar.bz2 
models_class1_minimal                     NO                     NO                    http://github.com/openvax/mhcflurry/releases/download/pre-1.2/models_class1_minimal.20180226.tar.bz2 
Downloading [part 1/1]: https://github.com/openvax/mhcflurry/releases/download/pre-2.0/models_class1_presentation.20200611.tar.bz2
Downloaded to: /var/folders/78/q87rpcx94sgfgglps30zx23m0000gn/T/tmp684ul6b0.tar.bz2
Extracted 62 files to: predictors/mhcflurry/vendor/2.2.0/models_class1_presentation/
