Using Python 3.11.15 environment at: predictors/mhcflurry/.venv
Resolved 24 packages in 343ms
Downloading sympy (6.0MiB)
Downloading networkx (2.0MiB)
Downloading scikit-learn (7.9MiB)
Downloading numpy (5.2MiB)
Downloading pandas (9.5MiB)
Downloading scipy (19.4MiB)
Downloading torch (106.0MiB)
 Downloaded networkx
 Downloaded numpy
 Downloaded scikit-learn
 Downloaded sympy
 Downloaded pandas
 Downloaded scipy
 Downloaded torch
Prepared 13 packages in 3.96s
Installed 24 packages in 460ms
 + appdirs==1.4.4
 + filelock==3.32.3
 + fsspec==2026.7.0
 + jinja2==3.1.6
 + joblib==1.5.3
 + markupsafe==3.0.3
 + mhcflurry==2.2.1
 + mhcgnomes==3.33.5
 + mpmath==1.3.0
 + narwhals==2.24.0
 + networkx==3.6.1
 + numpy==2.4.6
 + pandas==3.0.5
 + python-dateutil==2.9.0.post0
 + pyyaml==6.0.3
 + scikit-learn==1.9.0
 + scipy==1.17.1
 + setuptools==84.0.0
 + six==1.17.0
 + sympy==1.14.0
 + threadpoolctl==3.6.0
 + torch==2.13.0
 + tqdm==4.70.0
 + typing-extensions==4.16.0
